#-----------------------------------------------------------
# Vivado v2025.2 (64-bit)
# SW Build 6299465 on Fri Nov 14 12:34:56 MST 2025
# IP Build 6300035 on Fri Nov 14 10:48:45 MST 2025
# SharedData Build 6298862 on Thu Nov 13 04:50:51 MST 2025
# Start of session at: Tue Jun  9 21:44:51 2026
# Process ID         : 88081
# Current directory  : /home/sohan/risc-v/risc-v.runs/impl_1
# Command line       : vivado -log topmodule.vdi -applog -product Vivado -messageDb vivado.pb -mode batch -source topmodule.tcl -notrace
# Log file           : /home/sohan/risc-v/risc-v.runs/impl_1/topmodule.vdi
# Journal file       : /home/sohan/risc-v/risc-v.runs/impl_1/vivado.jou
# Running On         : shootout
# Platform           : Ubuntu
# Operating System   : Ubuntu 24.04.4 LTS
# Processor Detail   : 13th Gen Intel(R) Core(TM) i7-13700HX
# CPU Frequency      : 2193.026 MHz
# CPU Physical cores : 16
# CPU Logical cores  : 24
# Host memory        : 16442 MB
# Swap memory        : 4294 MB
# Total Virtual      : 20737 MB
# Available Virtual  : 11312 MB
#-----------------------------------------------------------
source topmodule.tcl -notrace
