
*** Running vivado
    with args -log topmodule.vds -m64 -product Vivado -mode batch -messageDb vivado.pb -notrace -source topmodule.tcl


****** Vivado v2025.2 (64-bit)
  **** SW Build 6299465 on Fri Nov 14 12:34:56 MST 2025
  **** IP Build 6300035 on Fri Nov 14 10:48:45 MST 2025
  **** SharedData Build 6298862 on Thu Nov 13 04:50:51 MST 2025
  **** Start of session at: Tue Jun  9 21:44:14 2026
    ** Copyright 1986-2022 Xilinx, Inc. All Rights Reserved.
    ** Copyright 2022-2025 Advanced Micro Devices, Inc. All Rights Reserved.

source topmodule.tcl -notrace
Command: read_checkpoint -auto_incremental -incremental /home/sohan/risc-v/risc-v.srcs/utils_1/imports/synth_1/topmodule.dcp
INFO: [Vivado 12-5825] Read reference checkpoint from /home/sohan/risc-v/risc-v.srcs/utils_1/imports/synth_1/topmodule.dcp for incremental synthesis
INFO: [Vivado 12-7989] Please ensure there are no constraint changes
Command: synth_design -top topmodule -part xc7a200tfbg676-2
Starting synth_design
Attempting to get a license for feature 'Synthesis' and/or device 'xc7a200t'
INFO: [Common 17-349] Got license for feature 'Synthesis' and/or device 'xc7a200t'
INFO: [Device 21-403] Loading part xc7a200tfbg676-2
INFO: [Designutils 20-5440] No compile time benefit to using incremental synthesis; A full resynthesis will be run
INFO: [Designutils 20-4379] Flow is switching to default flow due to incremental criteria not met. If you would like to alter this behaviour and have the flow terminate instead, please set the following parameter config_implementation {autoIncr.Synth.RejectBehavior Terminate}
INFO: [Synth 8-7079] Multithreading enabled for synth_design using a maximum of 7 processes.
INFO: [Synth 8-7078] Launching helper process for spawning children vivado processes
INFO: [Synth 8-7075] Helper process launched with PID 87798
---------------------------------------------------------------------------------
Starting RTL Elaboration : Time (s): cpu = 00:00:03 ; elapsed = 00:00:03 . Memory (MB): peak = 2327.082 ; gain = 479.906 ; free physical = 531 ; free virtual = 9440
---------------------------------------------------------------------------------
INFO: [Synth 8-6157] synthesizing module 'topmodule' [/home/sohan/risc-v/risc-v.srcs/sources_1/new/topmodule.sv:23]
INFO: [Synth 8-6157] synthesizing module 'mux2' [/home/sohan/risc-v/risc-v.srcs/sources_1/new/mux2.sv:3]
INFO: [Synth 8-6155] done synthesizing module 'mux2' (0#1) [/home/sohan/risc-v/risc-v.srcs/sources_1/new/mux2.sv:3]
INFO: [Synth 8-6157] synthesizing module 'pc' [/home/sohan/risc-v/risc-v.srcs/sources_1/new/pc.sv:23]
INFO: [Synth 8-6155] done synthesizing module 'pc' (0#1) [/home/sohan/risc-v/risc-v.srcs/sources_1/new/pc.sv:23]
INFO: [Synth 8-6157] synthesizing module 'adder' [/home/sohan/risc-v/risc-v.srcs/sources_1/new/adder.sv:23]
INFO: [Synth 8-6155] done synthesizing module 'adder' (0#1) [/home/sohan/risc-v/risc-v.srcs/sources_1/new/adder.sv:23]
INFO: [Synth 8-6157] synthesizing module 'imem_cache' [/home/sohan/risc-v/risc-v.srcs/sources_1/new/imem_cache.sv:23]
INFO: [Synth 8-6157] synthesizing module 'instr_cache' [/home/sohan/risc-v/risc-v.srcs/sources_1/new/instr_cache.sv:23]
INFO: [Synth 8-6155] done synthesizing module 'instr_cache' (0#1) [/home/sohan/risc-v/risc-v.srcs/sources_1/new/instr_cache.sv:23]
INFO: [Synth 8-6157] synthesizing module 'instr_mem' [/home/sohan/risc-v/risc-v.srcs/sources_1/new/instr_mem.sv:23]
INFO: [Synth 8-3876] $readmem data file 'instruction_mem.mem' is read successfully [/home/sohan/risc-v/risc-v.srcs/sources_1/new/instr_mem.sv:32]
INFO: [Synth 8-6155] done synthesizing module 'instr_mem' (0#1) [/home/sohan/risc-v/risc-v.srcs/sources_1/new/instr_mem.sv:23]
INFO: [Synth 8-6155] done synthesizing module 'imem_cache' (0#1) [/home/sohan/risc-v/risc-v.srcs/sources_1/new/imem_cache.sv:23]
INFO: [Synth 8-6157] synthesizing module 'bpb' [/home/sohan/risc-v/risc-v.srcs/sources_1/new/bpb.sv:23]
INFO: [Synth 8-6155] done synthesizing module 'bpb' (0#1) [/home/sohan/risc-v/risc-v.srcs/sources_1/new/bpb.sv:23]
INFO: [Synth 8-6157] synthesizing module 'btb' [/home/sohan/risc-v/risc-v.srcs/sources_1/new/btb.sv:23]
INFO: [Synth 8-6155] done synthesizing module 'btb' (0#1) [/home/sohan/risc-v/risc-v.srcs/sources_1/new/btb.sv:23]
INFO: [Synth 8-6157] synthesizing module 'IfId' [/home/sohan/risc-v/risc-v.srcs/sources_1/new/IfId.sv:23]
INFO: [Synth 8-6155] done synthesizing module 'IfId' (0#1) [/home/sohan/risc-v/risc-v.srcs/sources_1/new/IfId.sv:23]
INFO: [Synth 8-6157] synthesizing module 'regfile' [/home/sohan/risc-v/risc-v.srcs/sources_1/new/regfile.sv:23]
INFO: [Synth 8-6155] done synthesizing module 'regfile' (0#1) [/home/sohan/risc-v/risc-v.srcs/sources_1/new/regfile.sv:23]
INFO: [Synth 8-6157] synthesizing module 'immgen' [/home/sohan/risc-v/risc-v.srcs/sources_1/new/immgen.sv:23]
INFO: [Synth 8-6155] done synthesizing module 'immgen' (0#1) [/home/sohan/risc-v/risc-v.srcs/sources_1/new/immgen.sv:23]
INFO: [Synth 8-6157] synthesizing module 'IdEx' [/home/sohan/risc-v/risc-v.srcs/sources_1/new/IdEx.sv:23]
INFO: [Synth 8-6155] done synthesizing module 'IdEx' (0#1) [/home/sohan/risc-v/risc-v.srcs/sources_1/new/IdEx.sv:23]
INFO: [Synth 8-6157] synthesizing module 'branch_comparator' [/home/sohan/risc-v/risc-v.srcs/sources_1/new/branch_comparator.sv:23]
INFO: [Synth 8-6155] done synthesizing module 'branch_comparator' (0#1) [/home/sohan/risc-v/risc-v.srcs/sources_1/new/branch_comparator.sv:23]
INFO: [Synth 8-6157] synthesizing module 'mux3' [/home/sohan/risc-v/risc-v.srcs/sources_1/new/mux3.sv:23]
INFO: [Synth 8-6155] done synthesizing module 'mux3' (0#1) [/home/sohan/risc-v/risc-v.srcs/sources_1/new/mux3.sv:23]
INFO: [Synth 8-6157] synthesizing module 'alu' [/home/sohan/risc-v/risc-v.srcs/sources_1/new/alu.sv:23]
INFO: [Synth 8-6155] done synthesizing module 'alu' (0#1) [/home/sohan/risc-v/risc-v.srcs/sources_1/new/alu.sv:23]
INFO: [Synth 8-6157] synthesizing module 'ExMa' [/home/sohan/risc-v/risc-v.srcs/sources_1/new/ExMa.sv:23]
INFO: [Synth 8-6155] done synthesizing module 'ExMa' (0#1) [/home/sohan/risc-v/risc-v.srcs/sources_1/new/ExMa.sv:23]
INFO: [Synth 8-6157] synthesizing module 'dmem_cache' [/home/sohan/risc-v/risc-v.srcs/sources_1/new/dmem_cache.sv:23]
INFO: [Synth 8-6157] synthesizing module 'data_cache' [/home/sohan/risc-v/risc-v.srcs/sources_1/new/data_cache.sv:23]
INFO: [Synth 8-155] case statement is not full and has no default [/home/sohan/risc-v/risc-v.srcs/sources_1/new/data_cache.sv:85]
INFO: [Synth 8-6155] done synthesizing module 'data_cache' (0#1) [/home/sohan/risc-v/risc-v.srcs/sources_1/new/data_cache.sv:23]
INFO: [Synth 8-6157] synthesizing module 'data_mem' [/home/sohan/risc-v/risc-v.srcs/sources_1/new/data_mem.sv:23]
INFO: [Synth 8-3876] $readmem data file 'data_mem.mem' is read successfully [/home/sohan/risc-v/risc-v.srcs/sources_1/new/data_mem.sv:36]
INFO: [Synth 8-6155] done synthesizing module 'data_mem' (0#1) [/home/sohan/risc-v/risc-v.srcs/sources_1/new/data_mem.sv:23]
INFO: [Synth 8-6155] done synthesizing module 'dmem_cache' (0#1) [/home/sohan/risc-v/risc-v.srcs/sources_1/new/dmem_cache.sv:23]
INFO: [Synth 8-6157] synthesizing module 'MaWb' [/home/sohan/risc-v/risc-v.srcs/sources_1/new/MaWb.sv:23]
INFO: [Synth 8-6155] done synthesizing module 'MaWb' (0#1) [/home/sohan/risc-v/risc-v.srcs/sources_1/new/MaWb.sv:23]
INFO: [Synth 8-6157] synthesizing module 'control_unit' [/home/sohan/risc-v/risc-v.srcs/sources_1/new/control_unit.sv:23]
INFO: [Synth 8-6157] synthesizing module 'alu_decoder' [/home/sohan/risc-v/risc-v.srcs/sources_1/new/alu_decoder.sv:23]
INFO: [Synth 8-226] default block is never used [/home/sohan/risc-v/risc-v.srcs/sources_1/new/alu_decoder.sv:36]
INFO: [Synth 8-226] default block is never used [/home/sohan/risc-v/risc-v.srcs/sources_1/new/alu_decoder.sv:50]
INFO: [Synth 8-6155] done synthesizing module 'alu_decoder' (0#1) [/home/sohan/risc-v/risc-v.srcs/sources_1/new/alu_decoder.sv:23]
INFO: [Synth 8-6155] done synthesizing module 'control_unit' (0#1) [/home/sohan/risc-v/risc-v.srcs/sources_1/new/control_unit.sv:23]
INFO: [Synth 8-6155] done synthesizing module 'topmodule' (0#1) [/home/sohan/risc-v/risc-v.srcs/sources_1/new/topmodule.sv:23]
WARNING: [Synth 8-7129] Port instr[24] in module control_unit is either unconnected or has no load
WARNING: [Synth 8-7129] Port instr[23] in module control_unit is either unconnected or has no load
WARNING: [Synth 8-7129] Port instr[22] in module control_unit is either unconnected or has no load
WARNING: [Synth 8-7129] Port instr[21] in module control_unit is either unconnected or has no load
WARNING: [Synth 8-7129] Port instr[20] in module control_unit is either unconnected or has no load
WARNING: [Synth 8-7129] Port instr[19] in module control_unit is either unconnected or has no load
WARNING: [Synth 8-7129] Port instr[18] in module control_unit is either unconnected or has no load
WARNING: [Synth 8-7129] Port instr[17] in module control_unit is either unconnected or has no load
WARNING: [Synth 8-7129] Port instr[16] in module control_unit is either unconnected or has no load
WARNING: [Synth 8-7129] Port instr[15] in module control_unit is either unconnected or has no load
WARNING: [Synth 8-7129] Port instr[11] in module control_unit is either unconnected or has no load
WARNING: [Synth 8-7129] Port instr[10] in module control_unit is either unconnected or has no load
WARNING: [Synth 8-7129] Port instr[9] in module control_unit is either unconnected or has no load
WARNING: [Synth 8-7129] Port instr[8] in module control_unit is either unconnected or has no load
WARNING: [Synth 8-7129] Port instr[7] in module control_unit is either unconnected or has no load
WARNING: [Synth 8-7129] Port instr[6] in module immgen is either unconnected or has no load
WARNING: [Synth 8-7129] Port instr[5] in module immgen is either unconnected or has no load
WARNING: [Synth 8-7129] Port instr[4] in module immgen is either unconnected or has no load
WARNING: [Synth 8-7129] Port instr[3] in module immgen is either unconnected or has no load
WARNING: [Synth 8-7129] Port instr[2] in module immgen is either unconnected or has no load
WARNING: [Synth 8-7129] Port instr[1] in module immgen is either unconnected or has no load
WARNING: [Synth 8-7129] Port instr[0] in module immgen is either unconnected or has no load
WARNING: [Synth 8-7129] Port prev_pc[1] in module btb is either unconnected or has no load
WARNING: [Synth 8-7129] Port prev_pc[0] in module btb is either unconnected or has no load
WARNING: [Synth 8-7129] Port pc[1] in module btb is either unconnected or has no load
WARNING: [Synth 8-7129] Port pc[0] in module btb is either unconnected or has no load
WARNING: [Synth 8-7129] Port prev_pc[31] in module bpb is either unconnected or has no load
WARNING: [Synth 8-7129] Port prev_pc[30] in module bpb is either unconnected or has no load
WARNING: [Synth 8-7129] Port prev_pc[29] in module bpb is either unconnected or has no load
WARNING: [Synth 8-7129] Port prev_pc[28] in module bpb is either unconnected or has no load
WARNING: [Synth 8-7129] Port prev_pc[27] in module bpb is either unconnected or has no load
WARNING: [Synth 8-7129] Port prev_pc[26] in module bpb is either unconnected or has no load
WARNING: [Synth 8-7129] Port prev_pc[25] in module bpb is either unconnected or has no load
WARNING: [Synth 8-7129] Port prev_pc[24] in module bpb is either unconnected or has no load
WARNING: [Synth 8-7129] Port prev_pc[23] in module bpb is either unconnected or has no load
WARNING: [Synth 8-7129] Port prev_pc[22] in module bpb is either unconnected or has no load
WARNING: [Synth 8-7129] Port prev_pc[21] in module bpb is either unconnected or has no load
WARNING: [Synth 8-7129] Port prev_pc[20] in module bpb is either unconnected or has no load
WARNING: [Synth 8-7129] Port prev_pc[19] in module bpb is either unconnected or has no load
WARNING: [Synth 8-7129] Port prev_pc[18] in module bpb is either unconnected or has no load
WARNING: [Synth 8-7129] Port prev_pc[17] in module bpb is either unconnected or has no load
WARNING: [Synth 8-7129] Port prev_pc[16] in module bpb is either unconnected or has no load
WARNING: [Synth 8-7129] Port prev_pc[15] in module bpb is either unconnected or has no load
WARNING: [Synth 8-7129] Port prev_pc[14] in module bpb is either unconnected or has no load
WARNING: [Synth 8-7129] Port prev_pc[13] in module bpb is either unconnected or has no load
WARNING: [Synth 8-7129] Port prev_pc[12] in module bpb is either unconnected or has no load
WARNING: [Synth 8-7129] Port prev_pc[11] in module bpb is either unconnected or has no load
WARNING: [Synth 8-7129] Port prev_pc[10] in module bpb is either unconnected or has no load
WARNING: [Synth 8-7129] Port prev_pc[9] in module bpb is either unconnected or has no load
WARNING: [Synth 8-7129] Port prev_pc[8] in module bpb is either unconnected or has no load
WARNING: [Synth 8-7129] Port prev_pc[7] in module bpb is either unconnected or has no load
WARNING: [Synth 8-7129] Port prev_pc[6] in module bpb is either unconnected or has no load
WARNING: [Synth 8-7129] Port prev_pc[1] in module bpb is either unconnected or has no load
WARNING: [Synth 8-7129] Port prev_pc[0] in module bpb is either unconnected or has no load
WARNING: [Synth 8-7129] Port pc_out[31] in module bpb is either unconnected or has no load
WARNING: [Synth 8-7129] Port pc_out[30] in module bpb is either unconnected or has no load
WARNING: [Synth 8-7129] Port pc_out[29] in module bpb is either unconnected or has no load
WARNING: [Synth 8-7129] Port pc_out[28] in module bpb is either unconnected or has no load
WARNING: [Synth 8-7129] Port pc_out[27] in module bpb is either unconnected or has no load
WARNING: [Synth 8-7129] Port pc_out[26] in module bpb is either unconnected or has no load
WARNING: [Synth 8-7129] Port pc_out[25] in module bpb is either unconnected or has no load
WARNING: [Synth 8-7129] Port pc_out[24] in module bpb is either unconnected or has no load
WARNING: [Synth 8-7129] Port pc_out[23] in module bpb is either unconnected or has no load
WARNING: [Synth 8-7129] Port pc_out[22] in module bpb is either unconnected or has no load
WARNING: [Synth 8-7129] Port pc_out[21] in module bpb is either unconnected or has no load
WARNING: [Synth 8-7129] Port pc_out[20] in module bpb is either unconnected or has no load
WARNING: [Synth 8-7129] Port pc_out[19] in module bpb is either unconnected or has no load
WARNING: [Synth 8-7129] Port pc_out[18] in module bpb is either unconnected or has no load
WARNING: [Synth 8-7129] Port pc_out[17] in module bpb is either unconnected or has no load
WARNING: [Synth 8-7129] Port pc_out[16] in module bpb is either unconnected or has no load
WARNING: [Synth 8-7129] Port pc_out[15] in module bpb is either unconnected or has no load
WARNING: [Synth 8-7129] Port pc_out[14] in module bpb is either unconnected or has no load
WARNING: [Synth 8-7129] Port pc_out[13] in module bpb is either unconnected or has no load
WARNING: [Synth 8-7129] Port pc_out[12] in module bpb is either unconnected or has no load
WARNING: [Synth 8-7129] Port pc_out[11] in module bpb is either unconnected or has no load
WARNING: [Synth 8-7129] Port pc_out[10] in module bpb is either unconnected or has no load
WARNING: [Synth 8-7129] Port pc_out[9] in module bpb is either unconnected or has no load
WARNING: [Synth 8-7129] Port pc_out[8] in module bpb is either unconnected or has no load
WARNING: [Synth 8-7129] Port pc_out[7] in module bpb is either unconnected or has no load
WARNING: [Synth 8-7129] Port pc_out[6] in module bpb is either unconnected or has no load
WARNING: [Synth 8-7129] Port pc_out[1] in module bpb is either unconnected or has no load
WARNING: [Synth 8-7129] Port pc_out[0] in module bpb is either unconnected or has no load
---------------------------------------------------------------------------------
Finished RTL Elaboration : Time (s): cpu = 00:00:04 ; elapsed = 00:00:04 . Memory (MB): peak = 2427.051 ; gain = 579.875 ; free physical = 416 ; free virtual = 9327
---------------------------------------------------------------------------------
---------------------------------------------------------------------------------
Start Handling Custom Attributes
---------------------------------------------------------------------------------
---------------------------------------------------------------------------------
Finished Handling Custom Attributes : Time (s): cpu = 00:00:04 ; elapsed = 00:00:04 . Memory (MB): peak = 2441.895 ; gain = 594.719 ; free physical = 416 ; free virtual = 9327
---------------------------------------------------------------------------------
---------------------------------------------------------------------------------
Finished RTL Optimization Phase 1 : Time (s): cpu = 00:00:04 ; elapsed = 00:00:04 . Memory (MB): peak = 2441.895 ; gain = 594.719 ; free physical = 416 ; free virtual = 9327
---------------------------------------------------------------------------------
Netlist sorting complete. Time (s): cpu = 00:00:00.03 ; elapsed = 00:00:00.02 . Memory (MB): peak = 2441.895 ; gain = 0.000 ; free physical = 416 ; free virtual = 9327
INFO: [Project 1-570] Preparing netlist for logic optimization

Processing XDC Constraints
Initializing timing engine
Parsing XDC File [/home/sohan/risc-v/risc-v.srcs/constrs_1/new/clock_constraint.xdc]
Finished Parsing XDC File [/home/sohan/risc-v/risc-v.srcs/constrs_1/new/clock_constraint.xdc]
Completed Processing XDC Constraints

Netlist sorting complete. Time (s): cpu = 00:00:00 ; elapsed = 00:00:00 . Memory (MB): peak = 2565.633 ; gain = 0.000 ; free physical = 404 ; free virtual = 9314
INFO: [Project 1-111] Unisim Transformation Summary:
No Unisim elements were transformed.

Constraint Validation Runtime : Time (s): cpu = 00:00:00.03 ; elapsed = 00:00:00.01 . Memory (MB): peak = 2565.668 ; gain = 0.000 ; free physical = 396 ; free virtual = 9306
INFO: [Designutils 20-5440] No compile time benefit to using incremental synthesis; A full resynthesis will be run
INFO: [Designutils 20-4379] Flow is switching to default flow due to incremental criteria not met. If you would like to alter this behaviour and have the flow terminate instead, please set the following parameter config_implementation {autoIncr.Synth.RejectBehavior Terminate}
---------------------------------------------------------------------------------
Finished Constraint Validation : Time (s): cpu = 00:00:09 ; elapsed = 00:00:09 . Memory (MB): peak = 2565.668 ; gain = 718.492 ; free physical = 395 ; free virtual = 9314
---------------------------------------------------------------------------------
---------------------------------------------------------------------------------
Start Loading Part and Timing Information
---------------------------------------------------------------------------------
Loading part: xc7a200tfbg676-2
---------------------------------------------------------------------------------
Finished Loading Part and Timing Information : Time (s): cpu = 00:00:09 ; elapsed = 00:00:09 . Memory (MB): peak = 2573.637 ; gain = 726.461 ; free physical = 395 ; free virtual = 9314
---------------------------------------------------------------------------------
---------------------------------------------------------------------------------
Start Applying 'set_property' XDC Constraints
---------------------------------------------------------------------------------
---------------------------------------------------------------------------------
Finished applying 'set_property' XDC Constraints : Time (s): cpu = 00:00:09 ; elapsed = 00:00:09 . Memory (MB): peak = 2573.637 ; gain = 726.461 ; free physical = 395 ; free virtual = 9314
---------------------------------------------------------------------------------
---------------------------------------------------------------------------------
Finished RTL Optimization Phase 2 : Time (s): cpu = 00:00:10 ; elapsed = 00:00:10 . Memory (MB): peak = 2573.637 ; gain = 726.461 ; free physical = 392 ; free virtual = 9312
---------------------------------------------------------------------------------
---------------------------------------------------------------------------------
Start RTL Component Statistics 
---------------------------------------------------------------------------------
Detailed RTL Component Info : 
+---Adders : 
	   3 Input   33 Bit       Adders := 1     
	   2 Input   32 Bit       Adders := 1     
	   3 Input   32 Bit       Adders := 1     
+---XORs : 
	   2 Input     32 Bit         XORs := 1     
+---Registers : 
	               32 Bit    Registers := 37    
	               26 Bit    Registers := 32    
	                5 Bit    Registers := 5     
	                4 Bit    Registers := 1     
	                3 Bit    Registers := 3     
	                2 Bit    Registers := 21    
	                1 Bit    Registers := 82    
+---RAMs : 
	               8K Bit	(256 X 32 bit)          RAMs := 1     
	             1024 Bit	(32 X 32 bit)          RAMs := 1     
	              512 Bit	(16 X 32 bit)          RAMs := 2     
	              416 Bit	(16 X 26 bit)          RAMs := 1     
+---Muxes : 
	   2 Input   32 Bit        Muxes := 18    
	  75 Input   32 Bit        Muxes := 1     
	   4 Input   32 Bit        Muxes := 1     
	   5 Input   32 Bit        Muxes := 1     
	   2 Input   16 Bit        Muxes := 3     
	   2 Input    8 Bit        Muxes := 4     
	   4 Input    8 Bit        Muxes := 1     
	   8 Input    4 Bit        Muxes := 2     
	   2 Input    3 Bit        Muxes := 2     
	   6 Input    2 Bit        Muxes := 1     
	   2 Input    2 Bit        Muxes := 2     
	   3 Input    2 Bit        Muxes := 2     
	   2 Input    1 Bit        Muxes := 83    
	   4 Input    1 Bit        Muxes := 2     
---------------------------------------------------------------------------------
Finished RTL Component Statistics 
---------------------------------------------------------------------------------
---------------------------------------------------------------------------------
Start Part Resource Summary
---------------------------------------------------------------------------------
Part Resources:
DSPs: 740 (col length:100)
BRAMs: 730 (col length: RAMB18 100 RAMB36 50)
---------------------------------------------------------------------------------
Finished Part Resource Summary
---------------------------------------------------------------------------------
---------------------------------------------------------------------------------
Start Cross Boundary and Area Optimization
---------------------------------------------------------------------------------
WARNING: [Synth 8-7129] Port instr[24] in module control_unit is either unconnected or has no load
WARNING: [Synth 8-7129] Port instr[23] in module control_unit is either unconnected or has no load
WARNING: [Synth 8-7129] Port instr[22] in module control_unit is either unconnected or has no load
WARNING: [Synth 8-7129] Port instr[21] in module control_unit is either unconnected or has no load
WARNING: [Synth 8-7129] Port instr[20] in module control_unit is either unconnected or has no load
WARNING: [Synth 8-7129] Port instr[19] in module control_unit is either unconnected or has no load
WARNING: [Synth 8-7129] Port instr[18] in module control_unit is either unconnected or has no load
WARNING: [Synth 8-7129] Port instr[17] in module control_unit is either unconnected or has no load
WARNING: [Synth 8-7129] Port instr[16] in module control_unit is either unconnected or has no load
WARNING: [Synth 8-7129] Port instr[15] in module control_unit is either unconnected or has no load
WARNING: [Synth 8-7129] Port instr[11] in module control_unit is either unconnected or has no load
WARNING: [Synth 8-7129] Port instr[10] in module control_unit is either unconnected or has no load
WARNING: [Synth 8-7129] Port instr[9] in module control_unit is either unconnected or has no load
WARNING: [Synth 8-7129] Port instr[8] in module control_unit is either unconnected or has no load
WARNING: [Synth 8-7129] Port instr[7] in module control_unit is either unconnected or has no load
WARNING: [Synth 8-7129] Port instr[6] in module immgen is either unconnected or has no load
WARNING: [Synth 8-7129] Port instr[5] in module immgen is either unconnected or has no load
WARNING: [Synth 8-7129] Port instr[4] in module immgen is either unconnected or has no load
INFO: [Common 17-14] Message 'Synth 8-7129' appears 100 times and further instances of the messages will be disabled. Use the Tcl command set_msg_config to change the current settings.
---------------------------------------------------------------------------------
Finished Cross Boundary and Area Optimization : Time (s): cpu = 00:00:19 ; elapsed = 00:00:19 . Memory (MB): peak = 2581.637 ; gain = 734.461 ; free physical = 344 ; free virtual = 9259
---------------------------------------------------------------------------------
---------------------------------------------------------------------------------
Start ROM, RAM, DSP, Shift Register and Retiming Reporting
---------------------------------------------------------------------------------

Distributed RAM: Preliminary Mapping Report (see note below)
+-------------------+----------------------------------+-----------+----------------------+----------------+
|Module Name        | RTL Object                       | Inference | Size (Depth x Width) | Primitives     | 
+-------------------+----------------------------------+-----------+----------------------+----------------+
|instruction_memory | instruction_cache/cache_tag_reg  | Implied   | 16 x 26              | RAM16X1S x 26  | 
|instruction_memory | instruction_cache/imem_cache_reg | Implied   | 16 x 32              | RAM16X1S x 32  | 
|registers          | regs_reg                         | Implied   | 32 x 32              | RAM32M x 12    | 
|data_memory        | data_mem/dmem_reg                | Implied   | 256 x 32             | RAM64M x 44    | 
|data_memory        | data_cache/dmem_cache_reg        | Implied   | 16 x 32              | RAM16X1S x 32  | 
+-------------------+----------------------------------+-----------+----------------------+----------------+

Note: The table above is a preliminary report that shows the Distributed RAMs at the current stage of the synthesis flow. Some Distributed RAMs may be reimplemented as non Distributed RAM primitives later in the synthesis flow. Multiple instantiated RAMs are reported only once.
---------------------------------------------------------------------------------
Finished ROM, RAM, DSP, Shift Register and Retiming Reporting
---------------------------------------------------------------------------------
---------------------------------------------------------------------------------
Start Applying XDC Timing Constraints
---------------------------------------------------------------------------------
---------------------------------------------------------------------------------
Finished Applying XDC Timing Constraints : Time (s): cpu = 00:00:22 ; elapsed = 00:00:23 . Memory (MB): peak = 2620.637 ; gain = 773.461 ; free physical = 287 ; free virtual = 9201
---------------------------------------------------------------------------------
---------------------------------------------------------------------------------
Start Timing Optimization
---------------------------------------------------------------------------------
---------------------------------------------------------------------------------
Finished Timing Optimization : Time (s): cpu = 00:00:24 ; elapsed = 00:00:24 . Memory (MB): peak = 2654.676 ; gain = 807.500 ; free physical = 253 ; free virtual = 9168
---------------------------------------------------------------------------------
---------------------------------------------------------------------------------
Start ROM, RAM, DSP, Shift Register and Retiming Reporting
---------------------------------------------------------------------------------

Distributed RAM: Final Mapping Report
+-------------------+----------------------------------+-----------+----------------------+----------------+
|Module Name        | RTL Object                       | Inference | Size (Depth x Width) | Primitives     | 
+-------------------+----------------------------------+-----------+----------------------+----------------+
|instruction_memory | instruction_cache/cache_tag_reg  | Implied   | 16 x 26              | RAM16X1S x 26  | 
|instruction_memory | instruction_cache/imem_cache_reg | Implied   | 16 x 32              | RAM16X1S x 32  | 
|registers          | regs_reg                         | Implied   | 32 x 32              | RAM32M x 12    | 
|data_memory        | data_mem/dmem_reg                | Implied   | 256 x 32             | RAM64M x 44    | 
|data_memory        | data_cache/dmem_cache_reg        | Implied   | 16 x 32              | RAM16X1S x 32  | 
+-------------------+----------------------------------+-----------+----------------------+----------------+

---------------------------------------------------------------------------------
Finished ROM, RAM, DSP, Shift Register and Retiming Reporting
---------------------------------------------------------------------------------
---------------------------------------------------------------------------------
Start Technology Mapping
---------------------------------------------------------------------------------
---------------------------------------------------------------------------------
Finished Technology Mapping : Time (s): cpu = 00:00:25 ; elapsed = 00:00:25 . Memory (MB): peak = 2670.691 ; gain = 823.516 ; free physical = 231 ; free virtual = 9149
---------------------------------------------------------------------------------
---------------------------------------------------------------------------------
Start IO Insertion
---------------------------------------------------------------------------------
---------------------------------------------------------------------------------
Start Flattening Before IO Insertion
---------------------------------------------------------------------------------
---------------------------------------------------------------------------------
Finished Flattening Before IO Insertion
---------------------------------------------------------------------------------
---------------------------------------------------------------------------------
Start Final Netlist Cleanup
---------------------------------------------------------------------------------
---------------------------------------------------------------------------------
Finished Final Netlist Cleanup
---------------------------------------------------------------------------------
---------------------------------------------------------------------------------
Finished IO Insertion : Time (s): cpu = 00:00:27 ; elapsed = 00:00:27 . Memory (MB): peak = 2828.504 ; gain = 981.328 ; free physical = 177 ; free virtual = 9063
---------------------------------------------------------------------------------
---------------------------------------------------------------------------------
Start Renaming Generated Instances
---------------------------------------------------------------------------------
---------------------------------------------------------------------------------
Finished Renaming Generated Instances : Time (s): cpu = 00:00:27 ; elapsed = 00:00:27 . Memory (MB): peak = 2828.504 ; gain = 981.328 ; free physical = 177 ; free virtual = 9063
---------------------------------------------------------------------------------
---------------------------------------------------------------------------------
Start Rebuilding User Hierarchy
---------------------------------------------------------------------------------
---------------------------------------------------------------------------------
Finished Rebuilding User Hierarchy : Time (s): cpu = 00:00:27 ; elapsed = 00:00:28 . Memory (MB): peak = 2828.504 ; gain = 981.328 ; free physical = 196 ; free virtual = 9055
---------------------------------------------------------------------------------
---------------------------------------------------------------------------------
Start Renaming Generated Ports
---------------------------------------------------------------------------------
---------------------------------------------------------------------------------
Finished Renaming Generated Ports : Time (s): cpu = 00:00:27 ; elapsed = 00:00:28 . Memory (MB): peak = 2828.504 ; gain = 981.328 ; free physical = 196 ; free virtual = 9055
---------------------------------------------------------------------------------
---------------------------------------------------------------------------------
Start Handling Custom Attributes
---------------------------------------------------------------------------------
---------------------------------------------------------------------------------
Finished Handling Custom Attributes : Time (s): cpu = 00:00:27 ; elapsed = 00:00:28 . Memory (MB): peak = 2828.504 ; gain = 981.328 ; free physical = 196 ; free virtual = 9055
---------------------------------------------------------------------------------
---------------------------------------------------------------------------------
Start Renaming Generated Nets
---------------------------------------------------------------------------------
---------------------------------------------------------------------------------
Finished Renaming Generated Nets : Time (s): cpu = 00:00:27 ; elapsed = 00:00:28 . Memory (MB): peak = 2828.504 ; gain = 981.328 ; free physical = 196 ; free virtual = 9055
---------------------------------------------------------------------------------
---------------------------------------------------------------------------------
Start Writing Synthesis Report
---------------------------------------------------------------------------------

Report BlackBoxes: 
+-+--------------+----------+
| |BlackBox name |Instances |
+-+--------------+----------+
+-+--------------+----------+

Report Cell Usage: 
+------+---------+------+
|      |Cell     |Count |
+------+---------+------+
|1     |BUFG     |     1|
|2     |CARRY4   |    62|
|3     |LUT1     |    26|
|4     |LUT2     |   132|
|5     |LUT3     |   131|
|6     |LUT4     |   111|
|7     |LUT5     |   300|
|8     |LUT6     |  1169|
|9     |MUXF7    |   176|
|10    |MUXF8    |    45|
|11    |RAM16X1S |    86|
|12    |RAM32M   |    10|
|13    |RAM32X1D |     4|
|14    |RAM64M   |    44|
|15    |FDCE     |   637|
|16    |FDRE     |  1521|
|17    |IBUF     |     2|
|18    |OBUF     |    32|
+------+---------+------+
---------------------------------------------------------------------------------
Finished Writing Synthesis Report : Time (s): cpu = 00:00:27 ; elapsed = 00:00:28 . Memory (MB): peak = 2828.504 ; gain = 981.328 ; free physical = 196 ; free virtual = 9055
---------------------------------------------------------------------------------
Synthesis finished with 0 errors, 0 critical warnings and 84 warnings.
Synthesis Optimization Runtime : Time (s): cpu = 00:00:25 ; elapsed = 00:00:26 . Memory (MB): peak = 2828.504 ; gain = 857.555 ; free physical = 196 ; free virtual = 9055
Synthesis Optimization Complete : Time (s): cpu = 00:00:27 ; elapsed = 00:00:28 . Memory (MB): peak = 2828.512 ; gain = 981.328 ; free physical = 196 ; free virtual = 9055
INFO: [Project 1-571] Translating synthesized netlist
Netlist sorting complete. Time (s): cpu = 00:00:00.03 ; elapsed = 00:00:00.02 . Memory (MB): peak = 2828.512 ; gain = 0.000 ; free physical = 352 ; free virtual = 9211
INFO: [Netlist 29-17] Analyzing 427 Unisim elements for replacement
INFO: [Netlist 29-28] Unisim Transformation completed in 0 CPU seconds
INFO: [Project 1-570] Preparing netlist for logic optimization
INFO: [Opt 31-138] Pushed 1 inverter(s) to 14 load pin(s).
Netlist sorting complete. Time (s): cpu = 00:00:00 ; elapsed = 00:00:00 . Memory (MB): peak = 2884.531 ; gain = 0.000 ; free physical = 347 ; free virtual = 9206
INFO: [Project 1-111] Unisim Transformation Summary:
  A total of 144 instances were transformed.
  RAM16X1S => RAM32X1S (RAMS32): 86 instances
  RAM32M => RAM32M (inverted pins: WCLK) (RAMD32(x6), RAMS32(x2)): 10 instances
  RAM32X1D => RAM32X1D (inverted pins: WCLK) (RAMD32(x2)): 4 instances
  RAM64M => RAM64M (RAMD64E(x4)): 44 instances

Synth Design complete | Checksum: 9f4aa23c
INFO: [Common 17-83] Releasing license: Synthesis
72 Infos, 100 Warnings, 0 Critical Warnings and 0 Errors encountered.
synth_design completed successfully
synth_design: Time (s): cpu = 00:00:34 ; elapsed = 00:00:32 . Memory (MB): peak = 2884.566 ; gain = 1227.352 ; free physical = 347 ; free virtual = 9206
INFO: [Common 17-2834] synth_design peak Physical Memory [PSS] (MB): overall = 1946.637; main = 1946.637; forked = 280.249
INFO: [Common 17-2834] synth_design peak Virtual Memory [VSS] (MB): overall = 3601.277; main = 2884.535; forked = 1019.637
Write ShapeDB Complete: Time (s): cpu = 00:00:00.01 ; elapsed = 00:00:00.01 . Memory (MB): peak = 2908.543 ; gain = 0.000 ; free physical = 351 ; free virtual = 9210
INFO: [Common 17-1381] The checkpoint '/home/sohan/risc-v/risc-v.runs/synth_1/topmodule.dcp' has been generated.
INFO: [Vivado 12-24828] Executing command : report_utilization -file topmodule_utilization_synth.rpt -pb topmodule_utilization_synth.pb
INFO: [Common 17-206] Exiting Vivado at Tue Jun  9 21:44:50 2026...
