#-----------------------------------------------------------
# Vivado v2025.2 (64-bit)
# SW Build 6299465 on Fri Nov 14 12:34:56 MST 2025
# IP Build 6300035 on Fri Nov 14 10:48:45 MST 2025
# SharedData Build 6298862 on Thu Nov 13 04:50:51 MST 2025
# Start of session at: Tue Jun  9 21:44:14 2026
# Process ID         : 87757
# Current directory  : /home/sohan/risc-v/risc-v.runs/synth_1
# Command line       : vivado -log topmodule.vds -product Vivado -mode batch -messageDb vivado.pb -notrace -source topmodule.tcl
# Log file           : /home/sohan/risc-v/risc-v.runs/synth_1/topmodule.vds
# Journal file       : /home/sohan/risc-v/risc-v.runs/synth_1/vivado.jou
# Running On         : shootout
# Platform           : Ubuntu
# Operating System   : Ubuntu 24.04.4 LTS
# Processor Detail   : 13th Gen Intel(R) Core(TM) i7-13700HX
# CPU Frequency      : 1107.069 MHz
# CPU Physical cores : 16
# CPU Logical cores  : 24
# Host memory        : 16442 MB
# Swap memory        : 4294 MB
# Total Virtual      : 20737 MB
# Available Virtual  : 11292 MB
#-----------------------------------------------------------
source topmodule.tcl -notrace
